../Drivers/CMSIS/Include/core_cm4.h:1676:26:__NVIC_GetPriorityGrouping	4	static
../Drivers/CMSIS/Include/core_cm4.h:1688:22:__NVIC_EnableIRQ	16	static
../Drivers/CMSIS/Include/core_cm4.h:1816:22:__NVIC_SetPriority	16	static
../Drivers/CMSIS/Include/core_cm4.h:1863:26:NVIC_EncodePriority	40	static
../Drivers/STM32F4xx_HAL_Driver/Inc/stm32f4xx_ll_system.h:671:22:LL_SYSCFG_SetEXTISource	24	static,ignoring_inline_asm
../Drivers/STM32F4xx_HAL_Driver/Inc/stm32f4xx_ll_gpio.h:273:22:LL_GPIO_SetPinMode	40	static,ignoring_inline_asm
../Drivers/STM32F4xx_HAL_Driver/Inc/stm32f4xx_ll_gpio.h:484:22:LL_GPIO_SetPinPull	40	static,ignoring_inline_asm
../Drivers/STM32F4xx_HAL_Driver/Inc/stm32f4xx_ll_gpio.h:771:26:LL_GPIO_ReadInputPort	16	static
../Drivers/STM32F4xx_HAL_Driver/Inc/stm32f4xx_ll_gpio.h:881:22:LL_GPIO_SetOutputPin	16	static
../Drivers/STM32F4xx_HAL_Driver/Inc/stm32f4xx_ll_gpio.h:939:22:LL_GPIO_TogglePin	24	static
../Drivers/STM32F4xx_HAL_Driver/Inc/stm32f4xx_ll_bus.h:409:22:LL_AHB1_GRP1_EnableClock	24	static
../Core/Src/gpio.c:42:6:MX_GPIO_Init	40	static
../Core/Src/gpio.c:87:6:gpio_toggle_led	8	static
../Core/Src/gpio.c:97:9:gpio_check_button	16	static
